[startup] job_id=5527
[startup] run_root=/home/mail/jiaqizhang/jcy/PINN/logs/5527
[startup] swan_root=/home/mail/jiaqizhang/jcy/PINN/swanlog/5527
[startup] out_root=/home/mail/jiaqizhang/jcy/PINN/out/5527
[startup] swanlab_enabled=1
[startup] cuda_module=cuda12.6
[startup] conda_env=pinn
[startup] cuda_visible_devices=0,1,2 gpu0=0 gpu1=1 gpu2=2
[startup] dataset preflight OK
[launch] variant=v22 ds=256_ah gpu=0 swanlab=1 start=2026-06-02T22:20:03+08:00
[launch] variant=v22 ds=128_ah gpu=0 swanlab=1 start=2026-06-02T22:20:03+08:00
[launch] variant=v23 ds=256_hgradient_ah gpu=1 swanlab=1 start=2026-06-02T22:20:03+08:00
[launch] variant=v3 ds=128_hgradient gpu=2 swanlab=1 start=2026-06-02T22:20:03+08:00
[launch] variant=v3 ds=256_hgradient gpu=2 swanlab=1 start=2026-06-02T22:20:03+08:00
[launch] variant=v23 ds=128_hgradient_ah gpu=1 swanlab=1 start=2026-06-02T22:20:03+08:00
[done]   variant=v3 ds=128_hgradient OK end=2026-06-03T05:27:23+08:00
[done]   variant=v22 ds=128_ah OK end=2026-06-03T10:29:23+08:00
[done]   variant=v22 ds=256_ah OK end=2026-06-03T12:58:08+08:00
[done]   variant=v23 ds=128_hgradient_ah OK end=2026-06-03T16:12:12+08:00
[done]   variant=v23 ds=256_hgradient_ah OK end=2026-06-03T16:30:19+08:00
[done]   variant=v3 ds=256_hgradient OK end=2026-06-03T17:19:48+08:00
[summary] task_failures=0/6 task_done=6/6 swanlog=/home/mail/jiaqizhang/jcy/PINN/swanlog/5527 models=/home/mail/jiaqizhang/jcy/PINN/out/5527
[summary] swanlab sync: swanlab sync /home/mail/jiaqizhang/jcy/PINN/swanlog/5527/v22_128_ah /home/mail/jiaqizhang/jcy/PINN/swanlog/5527/v22_256_ah /home/mail/jiaqizhang/jcy/PINN/swanlog/5527/v23_128_hgradient_ah /home/mail/jiaqizhang/jcy/PINN/swanlog/5527/v23_256_hgradient_ah /home/mail/jiaqizhang/jcy/PINN/swanlog/5527/v3_128_hgradient /home/mail/jiaqizhang/jcy/PINN/swanlog/5527/v3_256_hgradient
[summary] task_failures=0/6 task_done=6/6 swanlog=/home/mail/jiaqizhang/jcy/PINN/swanlog/5527 models=/home/mail/jiaqizhang/jcy/PINN/out/5527
