[launch] res=256 swanlog_enabled=1 swanlog=/home/mail/jiaqizhang/jcy/PINN/swanlog/2358/256 out=/home/mail/jiaqizhang/jcy/PINN/out/2358 start=2026-05-23T15:21:54+08:00
Loading existing dataset from: /home/mail/jiaqizhang/jcy/PINN/dataset/256.h5
Model type: mlp
Device: cuda
AMP enabled: True
Compile enabled: False (mode: none)
Profile CUDA timing: False
Dataset file: /home/mail/jiaqizhang/jcy/PINN/dataset/256.h5
Normalization CSV: /home/mail/jiaqizhang/jcy/PINN/out/2358/baseline2_256.csv
Parameter count: 50945
Task: 3x3 stencil features -> h*kappa
Number of blueprints: 7440
Shape types: ('circle', 'ellipse')
Resolutions: (256,)
Initial field types: ('sdf', 'nonsdf')
Feature order: phi9
Raw feature dim: 9
Model input dim: 9
Transform kind: standardize
Dataset generation batch size: 10240
Training batch size: 256
Blueprint split fractions: train=0.7, val=0.15, test=0.15000000000000005
train: 13837624
  val: 2942264
 test: 2911440
swanlab: The environment variable SWANLAB_MODE will be overwritten by the 
parameter mode
swanlab: Tracking run with swanlab version 0.7.16
swanlab: Run data will be saved locally in 
/home/mail/jiaqizhang/jcy/PINN/swanlog/2358/256/run-20260523_152226-f3hko8qi9n3g
j9fewf4wj
swanlab: Backing up run baseline2_256_2358 locally
swanlab:  ☁️ Run `swanlab sync 
/home/mail/jiaqizhang/jcy/PINN/swanlog/2358/256/run-20260523_152226-f3hko8qi9n3g
j9fewf4wj` to sync logs to remote server
Epoch 000 | Train hk MSE: 8.256586e-05 | Val hk MSE: 3.938619e-05
Epoch 001 | Train hk MSE: 3.585673e-05 | Val hk MSE: 2.402893e-05
Epoch 002 | Train hk MSE: 2.664259e-05 | Val hk MSE: 1.220014e-05
Epoch 003 | Train hk MSE: 2.087753e-05 | Val hk MSE: 8.400306e-06
Epoch 004 | Train hk MSE: 1.707122e-05 | Val hk MSE: 9.271481e-06
Epoch 005 | Train hk MSE: 1.306414e-05 | Val hk MSE: 1.051379e-05
Epoch 006 | Train hk MSE: 1.038852e-05 | Val hk MSE: 8.541047e-06
Epoch 007 | Train hk MSE: 8.422872e-06 | Val hk MSE: 9.834043e-06
Epoch 008 | Train hk MSE: 7.431772e-06 | Val hk MSE: 7.423772e-06
Epoch 009 | Train hk MSE: 6.353245e-06 | Val hk MSE: 3.093343e-06
Epoch 010 | Train hk MSE: 5.810550e-06 | Val hk MSE: 3.388431e-06
Epoch 011 | Train hk MSE: 5.335022e-06 | Val hk MSE: 3.223469e-06
Epoch 012 | Train hk MSE: 5.156389e-06 | Val hk MSE: 1.056549e-05
Epoch 013 | Train hk MSE: 4.296253e-06 | Val hk MSE: 2.640044e-06
Epoch 014 | Train hk MSE: 3.888338e-06 | Val hk MSE: 2.452894e-06
Epoch 015 | Train hk MSE: 4.183312e-06 | Val hk MSE: 2.337257e-06
Epoch 016 | Train hk MSE: 3.234053e-06 | Val hk MSE: 1.447137e-06
Epoch 017 | Train hk MSE: 3.041420e-06 | Val hk MSE: 1.593362e-06
Epoch 018 | Train hk MSE: 2.865037e-06 | Val hk MSE: 3.761788e-06
Epoch 019 | Train hk MSE: 2.892499e-06 | Val hk MSE: 1.620027e-06
Epoch 020 | Train hk MSE: 2.558130e-06 | Val hk MSE: 1.687244e-06
Epoch 021 | Train hk MSE: 2.500648e-06 | Val hk MSE: 2.262645e-06
Epoch 022 | Train hk MSE: 2.249293e-06 | Val hk MSE: 2.009070e-06
Epoch 023 | Train hk MSE: 2.229057e-06 | Val hk MSE: 2.387528e-06
Epoch 024 | Train hk MSE: 2.194201e-06 | Val hk MSE: 1.362006e-06
Epoch 025 | Train hk MSE: 2.086809e-06 | Val hk MSE: 1.722538e-06
Epoch 026 | Train hk MSE: 1.918771e-06 | Val hk MSE: 1.341091e-06
Epoch 027 | Train hk MSE: 1.861633e-06 | Val hk MSE: 1.416400e-06
Epoch 028 | Train hk MSE: 1.802338e-06 | Val hk MSE: 1.252120e-06
Epoch 029 | Train hk MSE: 1.761073e-06 | Val hk MSE: 1.037556e-06
Epoch 030 | Train hk MSE: 1.668747e-06 | Val hk MSE: 1.741376e-06
Epoch 031 | Train hk MSE: 1.583621e-06 | Val hk MSE: 1.331067e-06
Epoch 032 | Train hk MSE: 1.429075e-06 | Val hk MSE: 1.055259e-06
Epoch 033 | Train hk MSE: 1.390287e-06 | Val hk MSE: 1.649276e-06
Epoch 034 | Train hk MSE: 1.305478e-06 | Val hk MSE: 1.992686e-06
Epoch 035 | Train hk MSE: 1.230928e-06 | Val hk MSE: 7.625841e-07
Epoch 036 | Train hk MSE: 1.229769e-06 | Val hk MSE: 7.030670e-07
Epoch 037 | Train hk MSE: 1.171373e-06 | Val hk MSE: 9.021143e-07
Epoch 038 | Train hk MSE: 1.103320e-06 | Val hk MSE: 7.088399e-07
Epoch 039 | Train hk MSE: 1.063029e-06 | Val hk MSE: 7.268811e-07
Epoch 040 | Train hk MSE: 1.004775e-06 | Val hk MSE: 5.696312e-07
Epoch 041 | Train hk MSE: 9.711088e-07 | Val hk MSE: 6.376479e-07
Epoch 042 | Train hk MSE: 9.751597e-07 | Val hk MSE: 8.467912e-07
Epoch 043 | Train hk MSE: 9.369268e-07 | Val hk MSE: 6.559098e-07
Epoch 044 | Train hk MSE: 9.014091e-07 | Val hk MSE: 5.913443e-07
Epoch 045 | Train hk MSE: 8.940885e-07 | Val hk MSE: 6.481719e-07
Epoch 046 | Train hk MSE: 8.627492e-07 | Val hk MSE: 4.370023e-07
Epoch 047 | Train hk MSE: 8.306069e-07 | Val hk MSE: 8.210747e-07
Epoch 048 | Train hk MSE: 8.355094e-07 | Val hk MSE: 7.660578e-07
Epoch 049 | Train hk MSE: 7.894014e-07 | Val hk MSE: 9.212607e-07
Epoch 050 | Train hk MSE: 7.838256e-07 | Val hk MSE: 8.392405e-07
Epoch 051 | Train hk MSE: 7.660008e-07 | Val hk MSE: 9.420632e-07
Epoch 052 | Train hk MSE: 7.661346e-07 | Val hk MSE: 9.491334e-07
Epoch 053 | Train hk MSE: 7.578086e-07 | Val hk MSE: 5.936085e-07
Epoch 054 | Train hk MSE: 7.509529e-07 | Val hk MSE: 6.682322e-07
Epoch 055 | Train hk MSE: 7.021036e-07 | Val hk MSE: 6.579949e-07
Epoch 056 | Train hk MSE: 7.264195e-07 | Val hk MSE: 3.974855e-07
Epoch 057 | Train hk MSE: 6.817379e-07 | Val hk MSE: 8.086294e-07
Epoch 058 | Train hk MSE: 6.570053e-07 | Val hk MSE: 6.654859e-07
Epoch 059 | Train hk MSE: 6.801624e-07 | Val hk MSE: 7.071623e-07
Epoch 060 | Train hk MSE: 6.669314e-07 | Val hk MSE: 1.679136e-06
Epoch 061 | Train hk MSE: 6.425619e-07 | Val hk MSE: 3.373366e-07
Epoch 062 | Train hk MSE: 6.084232e-07 | Val hk MSE: 8.172476e-07
Epoch 063 | Train hk MSE: 6.135081e-07 | Val hk MSE: 4.081799e-07
Epoch 064 | Train hk MSE: 6.135004e-07 | Val hk MSE: 4.306722e-07
Epoch 065 | Train hk MSE: 5.848231e-07 | Val hk MSE: 3.006180e-07
Epoch 066 | Train hk MSE: 5.707072e-07 | Val hk MSE: 5.021393e-07
Epoch 067 | Train hk MSE: 5.840291e-07 | Val hk MSE: 5.121173e-07
Epoch 068 | Train hk MSE: 5.808856e-07 | Val hk MSE: 4.304634e-07
Epoch 069 | Train hk MSE: 5.589918e-07 | Val hk MSE: 4.805601e-07
Epoch 070 | Train hk MSE: 5.586689e-07 | Val hk MSE: 3.772370e-07
Epoch 071 | Train hk MSE: 5.569121e-07 | Val hk MSE: 4.200885e-07
Epoch 072 | Train hk MSE: 5.467973e-07 | Val hk MSE: 3.774976e-07
Epoch 073 | Train hk MSE: 5.157677e-07 | Val hk MSE: 4.045193e-07
Epoch 074 | Train hk MSE: 5.309960e-07 | Val hk MSE: 5.472229e-07
Epoch 075 | Train hk MSE: 5.256849e-07 | Val hk MSE: 1.146569e-06
Epoch 076 | Train hk MSE: 5.307203e-07 | Val hk MSE: 7.834824e-07
Epoch 077 | Train hk MSE: 5.506079e-07 | Val hk MSE: 4.892613e-07
Epoch 078 | Train hk MSE: 5.204313e-07 | Val hk MSE: 3.159352e-07
Epoch 079 | Train hk MSE: 5.090623e-07 | Val hk MSE: 1.253204e-06
Epoch 080 | Train hk MSE: 5.086073e-07 | Val hk MSE: 3.844506e-07
Epoch 081 | Train hk MSE: 5.151298e-07 | Val hk MSE: 1.226028e-06
Epoch 082 | Train hk MSE: 5.008947e-07 | Val hk MSE: 2.631798e-07
Epoch 083 | Train hk MSE: 4.967401e-07 | Val hk MSE: 3.635964e-07
Epoch 084 | Train hk MSE: 4.798131e-07 | Val hk MSE: 4.537018e-07
Epoch 085 | Train hk MSE: 4.959971e-07 | Val hk MSE: 3.255310e-07
Epoch 086 | Train hk MSE: 4.894370e-07 | Val hk MSE: 5.299393e-07
Epoch 087 | Train hk MSE: 4.770765e-07 | Val hk MSE: 4.281398e-07
Epoch 088 | Train hk MSE: 4.851111e-07 | Val hk MSE: 4.906507e-07
Epoch 089 | Train hk MSE: 4.888527e-07 | Val hk MSE: 5.045715e-07
Epoch 090 | Train hk MSE: 4.588396e-07 | Val hk MSE: 7.336832e-07
Epoch 091 | Train hk MSE: 4.738193e-07 | Val hk MSE: 2.736411e-07
Epoch 092 | Train hk MSE: 4.829566e-07 | Val hk MSE: 4.061760e-07
Epoch 093 | Train hk MSE: 4.649572e-07 | Val hk MSE: 3.874017e-07
Epoch 094 | Train hk MSE: 4.534386e-07 | Val hk MSE: 6.589711e-07
Epoch 095 | Train hk MSE: 4.356046e-07 | Val hk MSE: 5.542881e-07
Epoch 096 | Train hk MSE: 4.516484e-07 | Val hk MSE: 5.651026e-07
Epoch 097 | Train hk MSE: 4.467889e-07 | Val hk MSE: 3.451495e-07
Epoch 098 | Train hk MSE: 4.930457e-07 | Val hk MSE: 3.647209e-07
Epoch 099 | Train hk MSE: 4.193104e-07 | Val hk MSE: 2.979245e-07
Epoch 100 | Train hk MSE: 4.664734e-07 | Val hk MSE: 3.426706e-07
Epoch 101 | Train hk MSE: 4.343713e-07 | Val hk MSE: 2.866833e-07
Epoch 102 | Train hk MSE: 4.313085e-07 | Val hk MSE: 3.168846e-07
Epoch 103 | Train hk MSE: 4.297993e-07 | Val hk MSE: 4.066904e-06
Epoch 104 | Train hk MSE: 4.352985e-07 | Val hk MSE: 3.687373e-07
Epoch 105 | Train hk MSE: 4.281143e-07 | Val hk MSE: 3.242310e-07
Epoch 106 | Train hk MSE: 4.258817e-07 | Val hk MSE: 3.773586e-07
Epoch 107 | Train hk MSE: 4.227955e-07 | Val hk MSE: 5.929882e-07
Epoch 108 | Train hk MSE: 4.261596e-07 | Val hk MSE: 2.652064e-07
Epoch 109 | Train hk MSE: 3.993945e-07 | Val hk MSE: 2.834877e-07
Epoch 110 | Train hk MSE: 4.159440e-07 | Val hk MSE: 3.944993e-07
Epoch 111 | Train hk MSE: 4.175658e-07 | Val hk MSE: 4.531662e-07
Epoch 112 | Train hk MSE: 4.197060e-07 | Val hk MSE: 3.238809e-07
Early stopping at epoch 112 with patience=30.
swanlab:  ☁️ Run `swanlab sync 
/home/mail/jiaqizhang/jcy/PINN/swanlog/2358/256/run-20260523_152226-f3hko8qi9n3g
j9fewf4wj` to sync logs to remote server
Best epoch: 82
Best checkpoint: /home/mail/jiaqizhang/jcy/PINN/out/2358/baseline2_256.pt
[done]   res=256 OK end=2026-05-23T18:11:48+08:00
[launch] res=266 swanlog_enabled=1 swanlog=/home/mail/jiaqizhang/jcy/PINN/swanlog/2358/266 out=/home/mail/jiaqizhang/jcy/PINN/out/2358 start=2026-05-23T18:11:48+08:00
Loading existing dataset from: /home/mail/jiaqizhang/jcy/PINN/dataset/266.h5
Model type: mlp
Device: cuda
AMP enabled: True
Compile enabled: False (mode: none)
Profile CUDA timing: False
Dataset file: /home/mail/jiaqizhang/jcy/PINN/dataset/266.h5
Normalization CSV: /home/mail/jiaqizhang/jcy/PINN/out/2358/baseline2_266.csv
Parameter count: 50945
Task: 3x3 stencil features -> h*kappa
Number of blueprints: 7500
Shape types: ('circle', 'ellipse')
Resolutions: (266,)
Initial field types: ('sdf', 'nonsdf')
Feature order: phi9
Raw feature dim: 9
Model input dim: 9
Transform kind: standardize
Dataset generation batch size: 10240
Training batch size: 256
Blueprint split fractions: train=0.7, val=0.15, test=0.15000000000000005
train: 14485872
  val: 3083232
 test: 3047344
swanlab: The environment variable SWANLAB_MODE will be overwritten by the 
parameter mode
swanlab: Tracking run with swanlab version 0.7.16
swanlab: Run data will be saved locally in 
/home/mail/jiaqizhang/jcy/PINN/swanlog/2358/266/run-20260523_181213-qvz9e4kr0z9t
deav69rui
swanlab: Backing up run baseline2_266_2358 locally
swanlab:  ☁️ Run `swanlab sync 
/home/mail/jiaqizhang/jcy/PINN/swanlog/2358/266/run-20260523_181213-qvz9e4kr0z9t
deav69rui` to sync logs to remote server
Epoch 000 | Train hk MSE: 7.998433e-05 | Val hk MSE: 3.806088e-05
Epoch 001 | Train hk MSE: 3.476848e-05 | Val hk MSE: 2.805569e-05
Epoch 002 | Train hk MSE: 2.646465e-05 | Val hk MSE: 2.009898e-05
Epoch 003 | Train hk MSE: 1.954952e-05 | Val hk MSE: 6.457467e-06
Epoch 004 | Train hk MSE: 1.436188e-05 | Val hk MSE: 4.952373e-06
Epoch 005 | Train hk MSE: 1.172370e-05 | Val hk MSE: 1.898507e-05
Epoch 006 | Train hk MSE: 8.629963e-06 | Val hk MSE: 3.296258e-06
Epoch 007 | Train hk MSE: 7.215542e-06 | Val hk MSE: 2.848023e-06
Epoch 008 | Train hk MSE: 6.069580e-06 | Val hk MSE: 3.496448e-06
Epoch 009 | Train hk MSE: 6.239568e-06 | Val hk MSE: 2.197941e-06
Epoch 010 | Train hk MSE: 5.481069e-06 | Val hk MSE: 2.928459e-06
Epoch 011 | Train hk MSE: 4.309833e-06 | Val hk MSE: 2.046867e-06
Epoch 012 | Train hk MSE: 3.959547e-06 | Val hk MSE: 2.337808e-06
Epoch 013 | Train hk MSE: 3.656443e-06 | Val hk MSE: 2.079715e-06
Epoch 014 | Train hk MSE: 6.341721e-06 | Val hk MSE: 2.958150e-06
Epoch 015 | Train hk MSE: 4.612198e-06 | Val hk MSE: 6.977536e-06
Epoch 016 | Train hk MSE: 3.601728e-06 | Val hk MSE: 1.618219e-06
Epoch 017 | Train hk MSE: 3.144691e-06 | Val hk MSE: 1.588572e-06
Epoch 018 | Train hk MSE: 2.933229e-06 | Val hk MSE: 1.543715e-06
Epoch 019 | Train hk MSE: 2.623025e-06 | Val hk MSE: 1.462586e-06
Epoch 020 | Train hk MSE: 2.427355e-06 | Val hk MSE: 1.557023e-06
Epoch 021 | Train hk MSE: 2.282699e-06 | Val hk MSE: 1.589728e-06
Epoch 022 | Train hk MSE: 2.111785e-06 | Val hk MSE: 1.338760e-06
Epoch 023 | Train hk MSE: 2.053638e-06 | Val hk MSE: 2.937981e-06
Epoch 024 | Train hk MSE: 2.026171e-06 | Val hk MSE: 1.241765e-06
Epoch 025 | Train hk MSE: 1.816849e-06 | Val hk MSE: 9.527342e-07
Epoch 026 | Train hk MSE: 1.733309e-06 | Val hk MSE: 1.063760e-06
Epoch 027 | Train hk MSE: 1.742962e-06 | Val hk MSE: 1.071215e-06
Epoch 028 | Train hk MSE: 1.626947e-06 | Val hk MSE: 9.352280e-07
Epoch 029 | Train hk MSE: 1.483183e-06 | Val hk MSE: 8.398482e-07
Epoch 030 | Train hk MSE: 1.423386e-06 | Val hk MSE: 9.338867e-07
Epoch 031 | Train hk MSE: 1.297508e-06 | Val hk MSE: 8.494919e-07
Epoch 032 | Train hk MSE: 1.291779e-06 | Val hk MSE: 6.694573e-07
Epoch 033 | Train hk MSE: 1.157020e-06 | Val hk MSE: 6.031376e-07
Epoch 034 | Train hk MSE: 1.139626e-06 | Val hk MSE: 5.823133e-07
Epoch 035 | Train hk MSE: 1.079391e-06 | Val hk MSE: 4.799584e-07
Epoch 036 | Train hk MSE: 9.944275e-07 | Val hk MSE: 5.809742e-07
Epoch 037 | Train hk MSE: 9.566834e-07 | Val hk MSE: 8.844538e-07
Epoch 038 | Train hk MSE: 8.989795e-07 | Val hk MSE: 8.561953e-07
Epoch 039 | Train hk MSE: 9.477499e-07 | Val hk MSE: 7.608037e-07
Epoch 040 | Train hk MSE: 8.649214e-07 | Val hk MSE: 8.862336e-07
Epoch 041 | Train hk MSE: 8.437129e-07 | Val hk MSE: 6.427841e-07
Epoch 042 | Train hk MSE: 8.225931e-07 | Val hk MSE: 4.751906e-07
Epoch 043 | Train hk MSE: 7.908136e-07 | Val hk MSE: 1.855095e-06
Epoch 044 | Train hk MSE: 7.817719e-07 | Val hk MSE: 5.874057e-07
Epoch 045 | Train hk MSE: 7.251791e-07 | Val hk MSE: 8.828776e-07
Epoch 046 | Train hk MSE: 7.207078e-07 | Val hk MSE: 5.295809e-07
Epoch 047 | Train hk MSE: 7.169652e-07 | Val hk MSE: 1.059660e-06
Epoch 048 | Train hk MSE: 6.805185e-07 | Val hk MSE: 1.527508e-06
Epoch 049 | Train hk MSE: 6.955338e-07 | Val hk MSE: 6.089714e-07
Epoch 050 | Train hk MSE: 6.420281e-07 | Val hk MSE: 4.305509e-07
Epoch 051 | Train hk MSE: 6.715290e-07 | Val hk MSE: 4.008018e-07
Epoch 052 | Train hk MSE: 6.689123e-07 | Val hk MSE: 4.567470e-07
Epoch 053 | Train hk MSE: 6.316830e-07 | Val hk MSE: 3.582882e-07
Epoch 054 | Train hk MSE: 6.262506e-07 | Val hk MSE: 5.362234e-07
Epoch 055 | Train hk MSE: 5.820605e-07 | Val hk MSE: 1.513576e-06
Epoch 056 | Train hk MSE: 6.153922e-07 | Val hk MSE: 3.562458e-07
Epoch 057 | Train hk MSE: 5.678830e-07 | Val hk MSE: 4.914094e-07
Epoch 058 | Train hk MSE: 5.695031e-07 | Val hk MSE: 4.186888e-07
Epoch 059 | Train hk MSE: 5.898154e-07 | Val hk MSE: 3.348669e-07
Epoch 060 | Train hk MSE: 5.636890e-07 | Val hk MSE: 3.020055e-07
Epoch 061 | Train hk MSE: 5.257347e-07 | Val hk MSE: 6.639632e-07
Epoch 062 | Train hk MSE: 5.502063e-07 | Val hk MSE: 5.728230e-07
Epoch 063 | Train hk MSE: 5.199583e-07 | Val hk MSE: 3.193380e-07
Epoch 064 | Train hk MSE: 4.978994e-07 | Val hk MSE: 6.755556e-07
Epoch 065 | Train hk MSE: 5.275950e-07 | Val hk MSE: 6.132130e-07
Epoch 066 | Train hk MSE: 5.181186e-07 | Val hk MSE: 6.489114e-07
Epoch 067 | Train hk MSE: 5.296209e-07 | Val hk MSE: 3.284877e-07
Epoch 068 | Train hk MSE: 4.908360e-07 | Val hk MSE: 4.816608e-07
Epoch 069 | Train hk MSE: 5.321202e-07 | Val hk MSE: 4.618791e-07
Epoch 070 | Train hk MSE: 4.983826e-07 | Val hk MSE: 3.006153e-07
Epoch 071 | Train hk MSE: 4.926092e-07 | Val hk MSE: 4.672323e-07
Epoch 072 | Train hk MSE: 4.709982e-07 | Val hk MSE: 1.137221e-06
Epoch 073 | Train hk MSE: 5.135759e-07 | Val hk MSE: 4.234230e-07
Epoch 074 | Train hk MSE: 4.982730e-07 | Val hk MSE: 4.902250e-07
Epoch 075 | Train hk MSE: 4.991659e-07 | Val hk MSE: 7.075731e-07
Epoch 076 | Train hk MSE: 4.756254e-07 | Val hk MSE: 3.157985e-07
Epoch 077 | Train hk MSE: 4.496652e-07 | Val hk MSE: 7.980648e-07
Epoch 078 | Train hk MSE: 4.577703e-07 | Val hk MSE: 3.815344e-07
Epoch 079 | Train hk MSE: 4.444602e-07 | Val hk MSE: 3.385365e-07
Epoch 080 | Train hk MSE: 4.423280e-07 | Val hk MSE: 3.581418e-07
Epoch 081 | Train hk MSE: 4.747564e-07 | Val hk MSE: 4.675188e-07
Epoch 082 | Train hk MSE: 4.519018e-07 | Val hk MSE: 2.737486e-07
Epoch 083 | Train hk MSE: 4.229863e-07 | Val hk MSE: 3.346831e-07
Epoch 084 | Train hk MSE: 4.369761e-07 | Val hk MSE: 5.720694e-07
Epoch 085 | Train hk MSE: 4.468627e-07 | Val hk MSE: 3.935453e-07
Epoch 086 | Train hk MSE: 4.477605e-07 | Val hk MSE: 2.904515e-07
Epoch 087 | Train hk MSE: 4.336723e-07 | Val hk MSE: 3.294539e-07
Epoch 088 | Train hk MSE: 4.493410e-07 | Val hk MSE: 3.881860e-07
Epoch 089 | Train hk MSE: 4.290512e-07 | Val hk MSE: 2.612174e-07
Epoch 090 | Train hk MSE: 4.235489e-07 | Val hk MSE: 4.197927e-07
Epoch 091 | Train hk MSE: 3.974879e-07 | Val hk MSE: 3.706122e-07
Epoch 092 | Train hk MSE: 4.326884e-07 | Val hk MSE: 2.771580e-07
Epoch 093 | Train hk MSE: 3.926548e-07 | Val hk MSE: 5.378384e-07
Epoch 094 | Train hk MSE: 4.134890e-07 | Val hk MSE: 6.963010e-07
Epoch 095 | Train hk MSE: 4.630494e-07 | Val hk MSE: 3.321308e-07
Epoch 096 | Train hk MSE: 4.003730e-07 | Val hk MSE: 3.596895e-07
Epoch 097 | Train hk MSE: 3.830598e-07 | Val hk MSE: 3.771100e-07
Epoch 098 | Train hk MSE: 3.756975e-07 | Val hk MSE: 2.913372e-07
Epoch 099 | Train hk MSE: 4.125406e-07 | Val hk MSE: 3.030662e-07
Epoch 100 | Train hk MSE: 3.677497e-07 | Val hk MSE: 5.852150e-07
Epoch 101 | Train hk MSE: 3.827722e-07 | Val hk MSE: 3.412978e-07
Epoch 102 | Train hk MSE: 4.117843e-07 | Val hk MSE: 3.685768e-07
Epoch 103 | Train hk MSE: 3.706770e-07 | Val hk MSE: 3.076026e-07
Epoch 104 | Train hk MSE: 3.725372e-07 | Val hk MSE: 2.408355e-07
Epoch 105 | Train hk MSE: 4.332690e-07 | Val hk MSE: 3.382983e-07
Epoch 106 | Train hk MSE: 3.695814e-07 | Val hk MSE: 8.308992e-07
Epoch 107 | Train hk MSE: 3.869257e-07 | Val hk MSE: 2.620840e-07
Epoch 108 | Train hk MSE: 3.624502e-07 | Val hk MSE: 2.959667e-07
Epoch 109 | Train hk MSE: 3.702958e-07 | Val hk MSE: 2.935307e-07
Epoch 110 | Train hk MSE: 3.788126e-07 | Val hk MSE: 2.562013e-07
Epoch 111 | Train hk MSE: 3.692780e-07 | Val hk MSE: 2.479201e-07
Epoch 112 | Train hk MSE: 3.716374e-07 | Val hk MSE: 3.044530e-07
Epoch 113 | Train hk MSE: 3.356325e-07 | Val hk MSE: 2.562301e-07
Epoch 114 | Train hk MSE: 3.525795e-07 | Val hk MSE: 3.790689e-07
Epoch 115 | Train hk MSE: 3.374628e-07 | Val hk MSE: 2.679037e-07
Epoch 116 | Train hk MSE: 3.593063e-07 | Val hk MSE: 3.266204e-07
Epoch 117 | Train hk MSE: 3.544997e-07 | Val hk MSE: 3.545391e-07
Epoch 118 | Train hk MSE: 3.146844e-07 | Val hk MSE: 6.864778e-07
Epoch 119 | Train hk MSE: 3.889156e-07 | Val hk MSE: 3.063258e-07
Epoch 120 | Train hk MSE: 3.052668e-07 | Val hk MSE: 3.111606e-07
Epoch 121 | Train hk MSE: 4.085215e-07 | Val hk MSE: 4.852625e-07
Epoch 122 | Train hk MSE: 3.512325e-07 | Val hk MSE: 3.903800e-07
Epoch 123 | Train hk MSE: 3.403382e-07 | Val hk MSE: 8.513812e-07
Epoch 124 | Train hk MSE: 3.577759e-07 | Val hk MSE: 3.761184e-07
Epoch 125 | Train hk MSE: 3.267900e-07 | Val hk MSE: 2.505245e-07
Epoch 126 | Train hk MSE: 3.719278e-07 | Val hk MSE: 2.138653e-07
Epoch 127 | Train hk MSE: 3.718864e-07 | Val hk MSE: 4.250402e-07
Epoch 128 | Train hk MSE: 3.541149e-07 | Val hk MSE: 2.818322e-07
Epoch 129 | Train hk MSE: 3.415935e-07 | Val hk MSE: 2.740342e-07
Epoch 130 | Train hk MSE: 3.256309e-07 | Val hk MSE: 3.228737e-07
Epoch 131 | Train hk MSE: 3.206519e-07 | Val hk MSE: 2.640610e-07
Epoch 132 | Train hk MSE: 3.123428e-07 | Val hk MSE: 2.538072e-07
Epoch 133 | Train hk MSE: 3.471483e-07 | Val hk MSE: 2.135209e-07
Epoch 134 | Train hk MSE: 3.301118e-07 | Val hk MSE: 2.438680e-07
Epoch 135 | Train hk MSE: 3.479963e-07 | Val hk MSE: 2.247425e-07
Epoch 136 | Train hk MSE: 3.097432e-07 | Val hk MSE: 2.492003e-07
Epoch 137 | Train hk MSE: 3.422950e-07 | Val hk MSE: 2.484478e-07
Epoch 138 | Train hk MSE: 3.427384e-07 | Val hk MSE: 2.154198e-07
Epoch 139 | Train hk MSE: 3.192671e-07 | Val hk MSE: 3.560496e-07
Epoch 140 | Train hk MSE: 3.305666e-07 | Val hk MSE: 5.048549e-07
Epoch 141 | Train hk MSE: 3.259094e-07 | Val hk MSE: 5.516388e-07
Epoch 142 | Train hk MSE: 3.202042e-07 | Val hk MSE: 2.580471e-07
Epoch 143 | Train hk MSE: 3.399145e-07 | Val hk MSE: 2.724795e-07
Epoch 144 | Train hk MSE: 3.136181e-07 | Val hk MSE: 4.300566e-07
Epoch 145 | Train hk MSE: 3.361424e-07 | Val hk MSE: 2.499617e-07
Epoch 146 | Train hk MSE: 3.097004e-07 | Val hk MSE: 2.961738e-07
Epoch 147 | Train hk MSE: 3.315821e-07 | Val hk MSE: 2.684792e-07
Epoch 148 | Train hk MSE: 3.512495e-07 | Val hk MSE: 5.189646e-07
Epoch 149 | Train hk MSE: 3.003531e-07 | Val hk MSE: 3.206114e-07
Epoch 150 | Train hk MSE: 3.152013e-07 | Val hk MSE: 2.521953e-07
Epoch 151 | Train hk MSE: 3.060231e-07 | Val hk MSE: 3.188798e-07
Epoch 152 | Train hk MSE: 2.992725e-07 | Val hk MSE: 2.736870e-07
Epoch 153 | Train hk MSE: 3.366226e-07 | Val hk MSE: 2.934833e-07
Epoch 154 | Train hk MSE: 2.969218e-07 | Val hk MSE: 4.098701e-07
Epoch 155 | Train hk MSE: 3.195935e-07 | Val hk MSE: 2.655622e-07
Epoch 156 | Train hk MSE: 3.196533e-07 | Val hk MSE: 3.457197e-07
Epoch 157 | Train hk MSE: 3.272100e-07 | Val hk MSE: 2.844700e-07
Epoch 158 | Train hk MSE: 3.427308e-07 | Val hk MSE: 2.423772e-07
Epoch 159 | Train hk MSE: 3.007917e-07 | Val hk MSE: 2.161681e-07
Epoch 160 | Train hk MSE: 2.865080e-07 | Val hk MSE: 2.838943e-07
Epoch 161 | Train hk MSE: 3.531488e-07 | Val hk MSE: 2.660742e-07
Epoch 162 | Train hk MSE: 3.210625e-07 | Val hk MSE: 2.741947e-07
Epoch 163 | Train hk MSE: 2.856208e-07 | Val hk MSE: 3.520545e-07
Early stopping at epoch 163 with patience=30.
swanlab:  ☁️ Run `swanlab sync 
/home/mail/jiaqizhang/jcy/PINN/swanlog/2358/266/run-20260523_181213-qvz9e4kr0z9t
deav69rui` to sync logs to remote server
Best epoch: 133
Best checkpoint: /home/mail/jiaqizhang/jcy/PINN/out/2358/baseline2_266.pt
[done]   res=266 OK end=2026-05-23T22:40:16+08:00
[launch] res=276 swanlog_enabled=1 swanlog=/home/mail/jiaqizhang/jcy/PINN/swanlog/2358/276 out=/home/mail/jiaqizhang/jcy/PINN/out/2358 start=2026-05-23T22:40:16+08:00
Loading existing dataset from: /home/mail/jiaqizhang/jcy/PINN/dataset/276.h5
Model type: mlp
Device: cuda
AMP enabled: True
Compile enabled: False (mode: none)
Profile CUDA timing: False
Dataset file: /home/mail/jiaqizhang/jcy/PINN/dataset/276.h5
Normalization CSV: /home/mail/jiaqizhang/jcy/PINN/out/2358/baseline2_276.csv
Parameter count: 50945
Task: 3x3 stencil features -> h*kappa
Number of blueprints: 7560
Shape types: ('circle', 'ellipse')
Resolutions: (276,)
Initial field types: ('sdf', 'nonsdf')
Feature order: phi9
Raw feature dim: 9
Model input dim: 9
Transform kind: standardize
Dataset generation batch size: 10240
Training batch size: 256
Blueprint split fractions: train=0.7, val=0.15, test=0.15000000000000005
train: 15143240
  val: 3223448
 test: 3187808
swanlab: The environment variable SWANLAB_MODE will be overwritten by the 
parameter mode
swanlab: Tracking run with swanlab version 0.7.16
swanlab: Run data will be saved locally in 
/home/mail/jiaqizhang/jcy/PINN/swanlog/2358/276/run-20260523_224038-9xdfa3n32g3l
aqik01vqo
swanlab: Backing up run baseline2_276_2358 locally
swanlab:  ☁️ Run `swanlab sync 
/home/mail/jiaqizhang/jcy/PINN/swanlog/2358/276/run-20260523_224038-9xdfa3n32g3l
aqik01vqo` to sync logs to remote server
Epoch 000 | Train hk MSE: 7.690814e-05 | Val hk MSE: 3.363192e-05
Epoch 001 | Train hk MSE: 3.375614e-05 | Val hk MSE: 1.664287e-05
Epoch 002 | Train hk MSE: 2.590987e-05 | Val hk MSE: 7.133395e-05
Epoch 003 | Train hk MSE: 1.835179e-05 | Val hk MSE: 9.334401e-06
Epoch 004 | Train hk MSE: 1.301907e-05 | Val hk MSE: 1.803343e-05
Epoch 005 | Train hk MSE: 9.575378e-06 | Val hk MSE: 5.564327e-06
Epoch 006 | Train hk MSE: 8.715535e-06 | Val hk MSE: 3.414992e-06
Epoch 007 | Train hk MSE: 6.200209e-06 | Val hk MSE: 2.764219e-06
Epoch 008 | Train hk MSE: 4.899041e-06 | Val hk MSE: 2.109701e-06
Epoch 009 | Train hk MSE: 4.655642e-06 | Val hk MSE: 2.312534e-06
Epoch 010 | Train hk MSE: 4.198799e-06 | Val hk MSE: 2.326490e-06
Epoch 011 | Train hk MSE: 3.456039e-06 | Val hk MSE: 2.458102e-06
Epoch 012 | Train hk MSE: 3.262477e-06 | Val hk MSE: 1.868010e-06
Epoch 013 | Train hk MSE: 3.037093e-06 | Val hk MSE: 5.015726e-06
Epoch 014 | Train hk MSE: 2.606485e-06 | Val hk MSE: 3.049526e-06
Epoch 015 | Train hk MSE: 2.711872e-06 | Val hk MSE: 2.391822e-06
Epoch 016 | Train hk MSE: 2.497278e-06 | Val hk MSE: 2.288822e-06
Epoch 017 | Train hk MSE: 2.259762e-06 | Val hk MSE: 1.167320e-06
Epoch 018 | Train hk MSE: 2.153561e-06 | Val hk MSE: 1.258850e-06
Epoch 019 | Train hk MSE: 2.056605e-06 | Val hk MSE: 1.415001e-06
Epoch 020 | Train hk MSE: 2.046160e-06 | Val hk MSE: 1.264431e-06
Epoch 021 | Train hk MSE: 2.084973e-06 | Val hk MSE: 1.278368e-06
Epoch 022 | Train hk MSE: 2.009678e-06 | Val hk MSE: 1.411608e-06
Epoch 023 | Train hk MSE: 2.024718e-06 | Val hk MSE: 1.123068e-06
Epoch 024 | Train hk MSE: 1.742467e-06 | Val hk MSE: 1.305000e-06
Epoch 025 | Train hk MSE: 1.725107e-06 | Val hk MSE: 1.119631e-06
Epoch 026 | Train hk MSE: 1.617508e-06 | Val hk MSE: 1.087475e-06
Epoch 027 | Train hk MSE: 1.644831e-06 | Val hk MSE: 1.392590e-06
Epoch 028 | Train hk MSE: 1.574010e-06 | Val hk MSE: 9.064007e-07
Epoch 029 | Train hk MSE: 1.458902e-06 | Val hk MSE: 8.425583e-07
Epoch 030 | Train hk MSE: 1.459443e-06 | Val hk MSE: 1.141428e-06
Epoch 031 | Train hk MSE: 1.446693e-06 | Val hk MSE: 1.231678e-06
Epoch 032 | Train hk MSE: 1.345667e-06 | Val hk MSE: 7.129510e-07
Epoch 033 | Train hk MSE: 1.351031e-06 | Val hk MSE: 7.395008e-07
Epoch 034 | Train hk MSE: 1.270437e-06 | Val hk MSE: 9.522076e-07
Epoch 035 | Train hk MSE: 1.185006e-06 | Val hk MSE: 8.614501e-07
Epoch 036 | Train hk MSE: 1.101413e-06 | Val hk MSE: 1.189315e-06
Epoch 037 | Train hk MSE: 1.082670e-06 | Val hk MSE: 1.945940e-06
Epoch 038 | Train hk MSE: 1.034767e-06 | Val hk MSE: 1.626030e-06
Epoch 039 | Train hk MSE: 9.169176e-07 | Val hk MSE: 5.890076e-06
Epoch 040 | Train hk MSE: 8.489400e-07 | Val hk MSE: 5.758114e-07
Epoch 041 | Train hk MSE: 8.596510e-07 | Val hk MSE: 1.167390e-06
Epoch 042 | Train hk MSE: 8.286711e-07 | Val hk MSE: 4.552300e-07
Epoch 043 | Train hk MSE: 7.944773e-07 | Val hk MSE: 2.790881e-06
Epoch 044 | Train hk MSE: 7.231013e-07 | Val hk MSE: 1.015307e-06
Epoch 045 | Train hk MSE: 6.837291e-07 | Val hk MSE: 4.677660e-07
Epoch 046 | Train hk MSE: 7.353836e-07 | Val hk MSE: 4.299483e-07
Epoch 047 | Train hk MSE: 6.634909e-07 | Val hk MSE: 5.574720e-07
Epoch 048 | Train hk MSE: 6.932252e-07 | Val hk MSE: 4.491182e-07
Epoch 049 | Train hk MSE: 6.339918e-07 | Val hk MSE: 5.858491e-07
Epoch 050 | Train hk MSE: 6.633988e-07 | Val hk MSE: 4.649060e-07
Epoch 051 | Train hk MSE: 6.109761e-07 | Val hk MSE: 4.592640e-07
Epoch 052 | Train hk MSE: 6.456777e-07 | Val hk MSE: 4.356262e-07
Epoch 053 | Train hk MSE: 5.935661e-07 | Val hk MSE: 5.442649e-07
Epoch 054 | Train hk MSE: 5.707430e-07 | Val hk MSE: 9.095738e-07
Epoch 055 | Train hk MSE: 5.960173e-07 | Val hk MSE: 8.507532e-07
Epoch 056 | Train hk MSE: 6.027084e-07 | Val hk MSE: 4.406468e-07
Epoch 057 | Train hk MSE: 5.743669e-07 | Val hk MSE: 6.288051e-07
Epoch 058 | Train hk MSE: 5.655881e-07 | Val hk MSE: 5.072932e-07
Epoch 059 | Train hk MSE: 5.400194e-07 | Val hk MSE: 3.079376e-07
Epoch 060 | Train hk MSE: 5.223836e-07 | Val hk MSE: 3.878245e-07
Epoch 061 | Train hk MSE: 5.368880e-07 | Val hk MSE: 3.035860e-07
Epoch 062 | Train hk MSE: 5.592403e-07 | Val hk MSE: 4.750316e-07
Epoch 063 | Train hk MSE: 5.035810e-07 | Val hk MSE: 3.710834e-07
Epoch 064 | Train hk MSE: 5.238437e-07 | Val hk MSE: 3.379378e-07
Epoch 065 | Train hk MSE: 4.953479e-07 | Val hk MSE: 5.125046e-07
Epoch 066 | Train hk MSE: 4.994777e-07 | Val hk MSE: 3.892436e-07
Epoch 067 | Train hk MSE: 4.765947e-07 | Val hk MSE: 5.334188e-07
Epoch 068 | Train hk MSE: 4.801452e-07 | Val hk MSE: 3.619279e-07
Epoch 069 | Train hk MSE: 4.637531e-07 | Val hk MSE: 4.544278e-07
Epoch 070 | Train hk MSE: 4.519499e-07 | Val hk MSE: 5.019452e-07
Epoch 071 | Train hk MSE: 4.685986e-07 | Val hk MSE: 3.763790e-07
Epoch 072 | Train hk MSE: 4.597159e-07 | Val hk MSE: 2.981643e-07
Epoch 073 | Train hk MSE: 4.768132e-07 | Val hk MSE: 4.222915e-07
Epoch 074 | Train hk MSE: 4.540940e-07 | Val hk MSE: 3.222938e-07
Epoch 075 | Train hk MSE: 4.426155e-07 | Val hk MSE: 5.533329e-07
Epoch 076 | Train hk MSE: 4.337417e-07 | Val hk MSE: 2.508781e-07
Epoch 077 | Train hk MSE: 4.505051e-07 | Val hk MSE: 3.314180e-07
Epoch 078 | Train hk MSE: 4.224993e-07 | Val hk MSE: 3.260907e-07
Epoch 079 | Train hk MSE: 4.119395e-07 | Val hk MSE: 8.818009e-07
Epoch 080 | Train hk MSE: 4.164791e-07 | Val hk MSE: 2.424244e-07
Epoch 081 | Train hk MSE: 4.283162e-07 | Val hk MSE: 6.578484e-07
Epoch 082 | Train hk MSE: 3.943837e-07 | Val hk MSE: 3.007751e-07
Epoch 083 | Train hk MSE: 3.933322e-07 | Val hk MSE: 4.601566e-07
Epoch 084 | Train hk MSE: 3.998154e-07 | Val hk MSE: 9.101238e-07
Epoch 085 | Train hk MSE: 3.963256e-07 | Val hk MSE: 3.994725e-07
Epoch 086 | Train hk MSE: 3.906705e-07 | Val hk MSE: 4.907278e-07
Epoch 087 | Train hk MSE: 3.947233e-07 | Val hk MSE: 2.500352e-07
Epoch 088 | Train hk MSE: 3.863504e-07 | Val hk MSE: 4.737707e-07
Epoch 089 | Train hk MSE: 3.798339e-07 | Val hk MSE: 6.956109e-07
Epoch 090 | Train hk MSE: 3.975998e-07 | Val hk MSE: 2.238530e-07
Epoch 091 | Train hk MSE: 3.659796e-07 | Val hk MSE: 2.866951e-06
Epoch 092 | Train hk MSE: 3.992433e-07 | Val hk MSE: 3.863294e-07
Epoch 093 | Train hk MSE: 3.836687e-07 | Val hk MSE: 4.350813e-07
Epoch 094 | Train hk MSE: 3.831946e-07 | Val hk MSE: 2.716694e-07
Epoch 095 | Train hk MSE: 3.720762e-07 | Val hk MSE: 3.490587e-07
Epoch 096 | Train hk MSE: 3.892672e-07 | Val hk MSE: 2.892099e-07
Epoch 097 | Train hk MSE: 3.645309e-07 | Val hk MSE: 2.407406e-07
Epoch 098 | Train hk MSE: 3.580585e-07 | Val hk MSE: 3.024642e-07
Epoch 099 | Train hk MSE: 3.466582e-07 | Val hk MSE: 2.912830e-07
Epoch 100 | Train hk MSE: 3.615012e-07 | Val hk MSE: 1.968640e-07
Epoch 101 | Train hk MSE: 3.533900e-07 | Val hk MSE: 3.351709e-07
Epoch 102 | Train hk MSE: 3.757292e-07 | Val hk MSE: 2.188751e-07
Epoch 103 | Train hk MSE: 3.487591e-07 | Val hk MSE: 2.634088e-07
Epoch 104 | Train hk MSE: 3.244139e-07 | Val hk MSE: 3.312692e-07
Epoch 105 | Train hk MSE: 3.459654e-07 | Val hk MSE: 3.054802e-07
Epoch 106 | Train hk MSE: 3.401609e-07 | Val hk MSE: 6.351959e-07
Epoch 107 | Train hk MSE: 3.279409e-07 | Val hk MSE: 3.222919e-07
Epoch 108 | Train hk MSE: 3.251212e-07 | Val hk MSE: 2.543207e-07
Epoch 109 | Train hk MSE: 3.936681e-07 | Val hk MSE: 2.405054e-07
Epoch 110 | Train hk MSE: 3.262936e-07 | Val hk MSE: 2.378359e-07
Epoch 111 | Train hk MSE: 3.266153e-07 | Val hk MSE: 5.117839e-07
Epoch 112 | Train hk MSE: 3.181404e-07 | Val hk MSE: 3.435235e-07
Epoch 113 | Train hk MSE: 3.296553e-07 | Val hk MSE: 2.436548e-07
Epoch 114 | Train hk MSE: 3.292242e-07 | Val hk MSE: 2.719980e-07
Epoch 115 | Train hk MSE: 3.471111e-07 | Val hk MSE: 2.865381e-07
Epoch 116 | Train hk MSE: 3.474586e-07 | Val hk MSE: 2.177759e-07
Epoch 117 | Train hk MSE: 3.325279e-07 | Val hk MSE: 2.530241e-07
Epoch 118 | Train hk MSE: 3.071642e-07 | Val hk MSE: 2.174223e-07
Epoch 119 | Train hk MSE: 3.066875e-07 | Val hk MSE: 2.105774e-07
Epoch 120 | Train hk MSE: 3.252421e-07 | Val hk MSE: 2.795734e-07
Epoch 121 | Train hk MSE: 3.092600e-07 | Val hk MSE: 2.411072e-07
Epoch 122 | Train hk MSE: 3.109594e-07 | Val hk MSE: 2.242508e-07
Epoch 123 | Train hk MSE: 3.229050e-07 | Val hk MSE: 2.173668e-07
Epoch 124 | Train hk MSE: 2.962878e-07 | Val hk MSE: 3.434729e-07
Epoch 125 | Train hk MSE: 3.161112e-07 | Val hk MSE: 2.349006e-07
Epoch 126 | Train hk MSE: 3.314591e-07 | Val hk MSE: 3.438350e-07
Epoch 127 | Train hk MSE: 3.326189e-07 | Val hk MSE: 2.067330e-07
Epoch 128 | Train hk MSE: 3.196886e-07 | Val hk MSE: 2.005106e-07
Epoch 129 | Train hk MSE: 3.040208e-07 | Val hk MSE: 2.008847e-07
Epoch 130 | Train hk MSE: 3.063465e-07 | Val hk MSE: 1.861677e-07
Epoch 131 | Train hk MSE: 2.856312e-07 | Val hk MSE: 3.869164e-07
Epoch 132 | Train hk MSE: 3.088404e-07 | Val hk MSE: 2.806862e-07
Epoch 133 | Train hk MSE: 3.615464e-07 | Val hk MSE: 2.357688e-07
Epoch 134 | Train hk MSE: 3.739099e-07 | Val hk MSE: 2.617114e-07
Epoch 135 | Train hk MSE: 3.013284e-07 | Val hk MSE: 3.620905e-07
Epoch 136 | Train hk MSE: 3.665050e-07 | Val hk MSE: 1.126347e-06
Epoch 137 | Train hk MSE: 5.159183e-07 | Val hk MSE: 2.166430e-07
Epoch 138 | Train hk MSE: 4.495391e-07 | Val hk MSE: 4.156916e-07
Epoch 139 | Train hk MSE: 6.302489e-07 | Val hk MSE: 2.395886e-07
Epoch 140 | Train hk MSE: 5.346382e-07 | Val hk MSE: 3.010553e-07
Epoch 141 | Train hk MSE: 5.945250e-07 | Val hk MSE: 3.322821e-07
Epoch 142 | Train hk MSE: 7.520780e-07 | Val hk MSE: 2.459442e-07
Epoch 143 | Train hk MSE: 4.904463e-07 | Val hk MSE: 6.214437e-07
Epoch 144 | Train hk MSE: 5.301966e-07 | Val hk MSE: 1.479858e-06
Epoch 145 | Train hk MSE: 7.472688e-07 | Val hk MSE: 1.096324e-06
Epoch 146 | Train hk MSE: 5.873164e-07 | Val hk MSE: 3.618088e-07
Epoch 147 | Train hk MSE: 6.949192e-07 | Val hk MSE: 2.529722e-07
Epoch 148 | Train hk MSE: 8.381956e-07 | Val hk MSE: 2.039271e-06
Epoch 149 | Train hk MSE: 1.358592e-06 | Val hk MSE: 1.436698e-06
Epoch 150 | Train hk MSE: 1.279698e-06 | Val hk MSE: 9.453070e-07
Epoch 151 | Train hk MSE: 1.464345e-06 | Val hk MSE: 7.116537e-07
Epoch 152 | Train hk MSE: 1.431045e-06 | Val hk MSE: 1.144162e-06
Epoch 153 | Train hk MSE: 9.621888e-07 | Val hk MSE: 8.598766e-07
Epoch 154 | Train hk MSE: 1.044872e-06 | Val hk MSE: 9.685410e-07
Epoch 155 | Train hk MSE: 1.246643e-06 | Val hk MSE: 6.615123e-07
Epoch 156 | Train hk MSE: 1.187050e-06 | Val hk MSE: 9.491772e-07
Epoch 157 | Train hk MSE: 1.119533e-06 | Val hk MSE: 7.413944e-07
Epoch 158 | Train hk MSE: 1.176274e-06 | Val hk MSE: 1.209628e-06
Epoch 159 | Train hk MSE: 1.209445e-06 | Val hk MSE: 1.252442e-06
Epoch 160 | Train hk MSE: 1.554187e-06 | Val hk MSE: 1.012657e-06
Early stopping at epoch 160 with patience=30.
swanlab:  ☁️ Run `swanlab sync 
/home/mail/jiaqizhang/jcy/PINN/swanlog/2358/276/run-20260523_224038-9xdfa3n32g3l
aqik01vqo` to sync logs to remote server
Best epoch: 130
Best checkpoint: /home/mail/jiaqizhang/jcy/PINN/out/2358/baseline2_276.pt
[done]   res=276 OK end=2026-05-24T03:08:47+08:00
